Archive member included because of file (symbol)

c:/winavr-20100110/bin/../lib/gcc/avr/4.3.3/avr5\libgcc.a(_mulsi3.o)
                              ../Common/Minimal/integer.o (__mulsi3)
c:/winavr-20100110/bin/../lib/gcc/avr/4.3.3/avr5\libgcc.a(_udivmodhi4.o)
                              ../Common/Minimal/comtest.o (__udivmodhi4)
c:/winavr-20100110/bin/../lib/gcc/avr/4.3.3/avr5\libgcc.a(_udivmodsi4.o)
                              serial/serial.o (__udivmodsi4)
c:/winavr-20100110/bin/../lib/gcc/avr/4.3.3/avr5\libgcc.a(_divmodsi4.o)
                              ../Common/Minimal/integer.o (__divmodsi4)
c:/winavr-20100110/bin/../lib/gcc/avr/4.3.3/avr5\libgcc.a(_exit.o)
                              c:/winavr-20100110/bin/../lib/gcc/avr/4.3.3/../../../../avr/lib/avr5/crtm328p.o (exit)
c:/winavr-20100110/bin/../lib/gcc/avr/4.3.3/avr5\libgcc.a(_copy_data.o)
                              main.o (__do_copy_data)
c:/winavr-20100110/bin/../lib/gcc/avr/4.3.3/avr5\libgcc.a(_clear_bss.o)
                              serial/serial.o (__do_clear_bss)
c:/winavr-20100110/bin/../lib/gcc/avr/4.3.3/../../../../avr/lib/avr5\libc.a(memcpy.o)
                              ../../Source/queue.o (memcpy)
c:/winavr-20100110/bin/../lib/gcc/avr/4.3.3/../../../../avr/lib/avr5\libc.a(eerd_block_atmega328p.o)
                              main.o (__eerd_block_m328p)
c:/winavr-20100110/bin/../lib/gcc/avr/4.3.3/../../../../avr/lib/avr5\libc.a(eewr_byte_atmega328p.o)
                              main.o (__eewr_byte_m328p)

Memory Configuration

Name             Origin             Length             Attributes
text             0x00000000         0x00020000         xr
data             0x00800060         0x0000ffa0         rw !x
eeprom           0x00810000         0x00010000         rw !x
fuse             0x00820000         0x00000400         rw !x
lock             0x00830000         0x00000400         rw !x
signature        0x00840000         0x00000400         rw !x
*default*        0x00000000         0xffffffff

Linker script and memory map

Address of section .data set to 0x800100
LOAD c:/winavr-20100110/bin/../lib/gcc/avr/4.3.3/../../../../avr/lib/avr5/crtm328p.o
LOAD main.o
LOAD ParTest/ParTest.o
LOAD serial/serial.o
LOAD regtest.o
LOAD ../../Source/tasks.o
LOAD ../../Source/queue.o
LOAD ../../Source/list.o
LOAD ../../Source/croutine.o
LOAD ../../Source/portable/MemMang/heap_1.o
LOAD ../../Source/portable/GCC/ATMega323/port.o
LOAD ../Common/Minimal/crflash.o
LOAD ../Common/Minimal/integer.o
LOAD ../Common/Minimal/PollQ.o
LOAD ../Common/Minimal/comtest.o
LOAD c:/winavr-20100110/bin/../lib/gcc/avr/4.3.3/../../../../avr/lib/avr5\libm.a
LOAD c:/winavr-20100110/bin/../lib/gcc/avr/4.3.3/avr5\libgcc.a
LOAD c:/winavr-20100110/bin/../lib/gcc/avr/4.3.3/../../../../avr/lib/avr5\libc.a
LOAD c:/winavr-20100110/bin/../lib/gcc/avr/4.3.3/avr5\libgcc.a

.hash
 *(.hash)

.dynsym
 *(.dynsym)

.dynstr
 *(.dynstr)

.gnu.version
 *(.gnu.version)

.gnu.version_d
 *(.gnu.version_d)

.gnu.version_r
 *(.gnu.version_r)

.rel.init
 *(.rel.init)

.rela.init
 *(.rela.init)

.rel.text
 *(.rel.text)
 *(.rel.text.*)
 *(.rel.gnu.linkonce.t*)

.rela.text
 *(.rela.text)
 *(.rela.text.*)
 *(.rela.gnu.linkonce.t*)

.rel.fini
 *(.rel.fini)

.rela.fini
 *(.rela.fini)

.rel.rodata
 *(.rel.rodata)
 *(.rel.rodata.*)
 *(.rel.gnu.linkonce.r*)

.rela.rodata
 *(.rela.rodata)
 *(.rela.rodata.*)
 *(.rela.gnu.linkonce.r*)

.rel.data
 *(.rel.data)
 *(.rel.data.*)
 *(.rel.gnu.linkonce.d*)

.rela.data
 *(.rela.data)
 *(.rela.data.*)
 *(.rela.gnu.linkonce.d*)

.rel.ctors
 *(.rel.ctors)

.rela.ctors
 *(.rela.ctors)

.rel.dtors
 *(.rel.dtors)

.rela.dtors
 *(.rela.dtors)

.rel.got
 *(.rel.got)

.rela.got
 *(.rela.got)

.rel.bss
 *(.rel.bss)

.rela.bss
 *(.rela.bss)

.rel.plt
 *(.rel.plt)

.rela.plt
 *(.rela.plt)

.text           0x00000000     0x2b64
 *(.vectors)
 .vectors       0x00000000       0x68 c:/winavr-20100110/bin/../lib/gcc/avr/4.3.3/../../../../avr/lib/avr5/crtm328p.o
                0x00000000                __vectors
                0x00000000                __vector_default
 *(.vectors)
 *(.progmem.gcc*)
 *(.progmem*)
                0x00000068                . = ALIGN (0x2)
                0x00000068                __trampolines_start = .
 *(.trampolines)
 .trampolines   0x00000068        0x0 linker stubs
 *(.trampolines*)
                0x00000068                __trampolines_end = .
 *(.jumptables)
 *(.jumptables*)
 *(.lowtext)
 *(.lowtext*)
                0x00000068                __ctors_start = .
 *(.ctors)
                0x00000068                __ctors_end = .
                0x00000068                __dtors_start = .
 *(.dtors)
                0x00000068                __dtors_end = .
 SORT(*)(.ctors)
 SORT(*)(.dtors)
 *(.init0)
 .init0         0x00000068        0x0 c:/winavr-20100110/bin/../lib/gcc/avr/4.3.3/../../../../avr/lib/avr5/crtm328p.o
                0x00000068                __init
 *(.init0)
 *(.init1)
 *(.init1)
 *(.init2)
 .init2         0x00000068        0xc c:/winavr-20100110/bin/../lib/gcc/avr/4.3.3/../../../../avr/lib/avr5/crtm328p.o
 *(.init2)
 *(.init3)
 *(.init3)
 *(.init4)
 .init4         0x00000074       0x16 c:/winavr-20100110/bin/../lib/gcc/avr/4.3.3/avr5\libgcc.a(_copy_data.o)
                0x00000074                __do_copy_data
 .init4         0x0000008a       0x10 c:/winavr-20100110/bin/../lib/gcc/avr/4.3.3/avr5\libgcc.a(_clear_bss.o)
                0x0000008a                __do_clear_bss
 *(.init4)
 *(.init5)
 *(.init5)
 *(.init6)
 *(.init6)
 *(.init7)
 *(.init7)
 *(.init8)
 *(.init8)
 *(.init9)
 .init9         0x0000009a        0x8 c:/winavr-20100110/bin/../lib/gcc/avr/4.3.3/../../../../avr/lib/avr5/crtm328p.o
 *(.init9)
 *(.text)
 .text          0x000000a2        0x4 c:/winavr-20100110/bin/../lib/gcc/avr/4.3.3/../../../../avr/lib/avr5/crtm328p.o
                0x000000a2                __vector_22
                0x000000a2                __vector_1
                0x000000a2                __vector_24
                0x000000a2                __vector_12
                0x000000a2                __bad_interrupt
                0x000000a2                __vector_6
                0x000000a2                __vector_3
                0x000000a2                __vector_23
                0x000000a2                __vector_25
                0x000000a2                __vector_13
                0x000000a2                __vector_17
                0x000000a2                __vector_7
                0x000000a2                __vector_5
                0x000000a2                __vector_4
                0x000000a2                __vector_9
                0x000000a2                __vector_2
                0x000000a2                __vector_21
                0x000000a2                __vector_15
                0x000000a2                __vector_8
                0x000000a2                __vector_14
                0x000000a2                __vector_10
                0x000000a2                __vector_16
                0x000000a2                __vector_20
 .text          0x000000a6       0xd2 main.o
                0x00000122                print
                0x00000162                TaskPrint
                0x000000ac                main
                0x000000a6                vApplicationIdleHook
 .text          0x00000178       0x9e ParTest/ParTest.o
                0x00000188                vParTestToggleLED
                0x000001ce                vParTestSetLED
                0x00000178                vParTestInitialise
 .text          0x00000216      0x202 serial/serial.o
                0x00000216                vSerialClose
                0x00000338                xSerialPutChar
                0x00000232                __vector_19
                0x00000374                xSerialGetChar
                0x000002b6                __vector_18
                0x00000388                xSerialPortInitMinimal
 .text          0x00000418      0x2d4 regtest.o
                0x00000418                xAreRegTestTasksStillRunning
                0x000006b0                vStartRegTestTasks
 .text          0x000006ec      0xe58 ../../Source/tasks.o
                0x000010c8                vTaskPlaceOnUnorderedEventList
                0x00000720                pcTaskGetName
                0x000011a2                vTaskEndScheduler
                0x0000117e                vTaskPlaceOnEventList
                0x000006f8                xTaskGetTickCount
                0x00000a8a                xTaskRemoveFromEventList
                0x00001226                vTaskDelete
                0x000007c0                xTaskCheckForTimeOut
                0x00001018                ulTaskNotifyTake
                0x000006ec                vTaskSuspendAll
                0x0000070e                xTaskGetTickCountFromISR
                0x0000085e                xTaskNotifyStateClear
                0x00000736                vTaskSwitchContext
                0x00000f0a                xTaskNotifyWait
                0x0000071a                uxTaskGetNumberOfTasks
                0x00000c9c                xTaskGenericNotify
                0x00001120                vTaskDelayUntil
                0x0000092a                xTaskGenericNotifyFromISR
                0x00000a22                xTaskRemoveFromUnorderedEventList
                0x00000d70                xTaskResumeAll
                0x000014f4                vTaskStartScheduler
                0x00000826                vTaskMissedYield
                0x00000b0a                xTaskIncrementTick
                0x00001302                xTaskCreate
                0x000010fa                vTaskDelay
                0x000007aa                vTaskSetTimeOutState
                0x0000082e                uxTaskResetEventItemValue
                0x00000888                vTaskNotifyGiveFromISR
 .text          0x00001544      0x818 ../../Source/queue.o
                0x0000168a                xQueueCRReceiveFromISR
                0x000018dc                xQueueGenericSendFromISR
                0x00001700                xQueueCRSendFromISR
                0x00001660                xQueuePeekFromISR
                0x000017c8                xQueueCRSend
                0x00001834                vQueueDelete
                0x00001b32                xQueueGenericSend
                0x0000173e                xQueueCRReceive
                0x0000183a                xQueueReceiveFromISR
                0x00001d0c                xQueueGenericCreate
                0x00001554                uxQueueSpacesAvailable
                0x0000157e                xQueueIsQueueFullFromISR
                0x00001544                uxQueueMessagesWaiting
                0x000019be                xQueueGenericReceive
                0x00001c88                xQueueGenericReset
                0x00001568                uxQueueMessagesWaitingFromISR
                0x0000156e                xQueueIsQueueEmptyFromISR
                0x00001896                xQueueGiveFromISR
 .text          0x00001d5c      0x11e ../../Source/list.o
                0x00001d84                vListInsertEnd
                0x00001d7c                vListInitialiseItem
                0x00001d5c                vListInitialise
                0x00001e26                uxListRemove
                0x00001dc2                vListInsert
 .text          0x00001e7a      0x37e ../../Source/croutine.o
                0x00001e7a                xCoRoutineRemoveFromEventList
                0x00002104                xCoRoutineCreate
                0x00001eca                vCoRoutineSchedule
                0x0000208a                vCoRoutineAddToDelayedList
 .text          0x000021f8       0x84 ../../Source/portable/MemMang/heap_1.o
                0x00002204                xPortGetFreeHeapSize
                0x000021f8                vPortFree
                0x00002218                pvPortMalloc
                0x000021fa                vPortInitialiseBlocks
 .text          0x0000227c      0x278 ../../Source/portable/GCC/ATMega323/port.o
                0x0000230c                xPortStartScheduler
                0x00002382                vPortYieldFromTick
                0x00002380                vPortEndScheduler
                0x0000243c                __vector_11
                0x00002442                vPortYield
                0x0000227c                pxPortInitialiseStack
 .text          0x000024f4      0x194 ../Common/Minimal/crflash.o
                0x000024f4                xAreFlashCoRoutinesStillRunning
                0x000024fa                vStartFlashCoRoutines
 .text          0x00002688       0xf6 ../Common/Minimal/integer.o
                0x00002756                vStartIntegerMathTasks
                0x00002748                xAreIntegerMathsTaskStillRunning
 .text          0x0000277e      0x17c ../Common/Minimal/PollQ.o
                0x0000277e                xArePollingQueuesStillRunning
                0x00002798                vStartPolledQueueTasks
 .text          0x000028fa      0x138 ../Common/Minimal/comtest.o
                0x000028fa                xAreComTestTasksStillRunning
                0x00002908                vAltStartComTestTasks
 .text          0x00002a32        0x0 c:/winavr-20100110/bin/../lib/gcc/avr/4.3.3/avr5\libgcc.a(_mulsi3.o)
 .text          0x00002a32        0x0 c:/winavr-20100110/bin/../lib/gcc/avr/4.3.3/avr5\libgcc.a(_udivmodhi4.o)
 .text          0x00002a32        0x0 c:/winavr-20100110/bin/../lib/gcc/avr/4.3.3/avr5\libgcc.a(_udivmodsi4.o)
 .text          0x00002a32        0x0 c:/winavr-20100110/bin/../lib/gcc/avr/4.3.3/avr5\libgcc.a(_divmodsi4.o)
 .text          0x00002a32        0x0 c:/winavr-20100110/bin/../lib/gcc/avr/4.3.3/avr5\libgcc.a(_exit.o)
 .text          0x00002a32        0x0 c:/winavr-20100110/bin/../lib/gcc/avr/4.3.3/avr5\libgcc.a(_copy_data.o)
 .text          0x00002a32        0x0 c:/winavr-20100110/bin/../lib/gcc/avr/4.3.3/avr5\libgcc.a(_clear_bss.o)
 .text          0x00002a32        0x0 c:/winavr-20100110/bin/../lib/gcc/avr/4.3.3/../../../../avr/lib/avr5\libc.a(memcpy.o)
 .text          0x00002a32        0x0 c:/winavr-20100110/bin/../lib/gcc/avr/4.3.3/../../../../avr/lib/avr5\libc.a(eerd_block_atmega328p.o)
 .text          0x00002a32        0x0 c:/winavr-20100110/bin/../lib/gcc/avr/4.3.3/../../../../avr/lib/avr5\libc.a(eewr_byte_atmega328p.o)
                0x00002a32                . = ALIGN (0x2)
 *(.text.*)
 .text.libgcc   0x00002a32       0x3e c:/winavr-20100110/bin/../lib/gcc/avr/4.3.3/avr5\libgcc.a(_mulsi3.o)
                0x00002a32                __mulsi3
 .text.libgcc   0x00002a70       0x28 c:/winavr-20100110/bin/../lib/gcc/avr/4.3.3/avr5\libgcc.a(_udivmodhi4.o)
                0x00002a70                __udivmodhi4
 .text.libgcc   0x00002a98       0x44 c:/winavr-20100110/bin/../lib/gcc/avr/4.3.3/avr5\libgcc.a(_udivmodsi4.o)
                0x00002a98                __udivmodsi4
 .text.libgcc   0x00002adc       0x36 c:/winavr-20100110/bin/../lib/gcc/avr/4.3.3/avr5\libgcc.a(_divmodsi4.o)
                0x00002adc                __divmodsi4
 .text.libgcc   0x00002b12        0x0 c:/winavr-20100110/bin/../lib/gcc/avr/4.3.3/avr5\libgcc.a(_exit.o)
 .text.libgcc   0x00002b12        0x0 c:/winavr-20100110/bin/../lib/gcc/avr/4.3.3/avr5\libgcc.a(_copy_data.o)
 .text.libgcc   0x00002b12        0x0 c:/winavr-20100110/bin/../lib/gcc/avr/4.3.3/avr5\libgcc.a(_clear_bss.o)
 .text.avr-libc
                0x00002b12       0x12 c:/winavr-20100110/bin/../lib/gcc/avr/4.3.3/../../../../avr/lib/avr5\libc.a(memcpy.o)
                0x00002b12                memcpy
 .text.avr-libc
                0x00002b24       0x20 c:/winavr-20100110/bin/../lib/gcc/avr/4.3.3/../../../../avr/lib/avr5\libc.a(eerd_block_atmega328p.o)
                0x00002b24                __eerd_block_m328p
                0x00002b28                __eerd_blraw_m328p
 .text.avr-libc
                0x00002b44       0x1c c:/winavr-20100110/bin/../lib/gcc/avr/4.3.3/../../../../avr/lib/avr5\libc.a(eewr_byte_atmega328p.o)
                0x00002b44                __eewr_byte_m328p
                0x00002b46                __eewr_r18_m328p
                0x00002b60                . = ALIGN (0x2)
 *(.fini9)
 .fini9         0x00002b60        0x0 c:/winavr-20100110/bin/../lib/gcc/avr/4.3.3/avr5\libgcc.a(_exit.o)
                0x00002b60                exit
                0x00002b60                _exit
 *(.fini9)
 *(.fini8)
 *(.fini8)
 *(.fini7)
 *(.fini7)
 *(.fini6)
 *(.fini6)
 *(.fini5)
 *(.fini5)
 *(.fini4)
 *(.fini4)
 *(.fini3)
 *(.fini3)
 *(.fini2)
 *(.fini2)
 *(.fini1)
 *(.fini1)
 *(.fini0)
 .fini0         0x00002b60        0x4 c:/winavr-20100110/bin/../lib/gcc/avr/4.3.3/avr5\libgcc.a(_exit.o)
 *(.fini0)
                0x00002b64                _etext = .

.data           0x00800100       0x5a load address 0x00002b64
                0x00800100                PROVIDE (__data_start, .)
 *(.data)
 .data          0x00800100        0x0 c:/winavr-20100110/bin/../lib/gcc/avr/4.3.3/../../../../avr/lib/avr5/crtm328p.o
 .data          0x00800100       0x14 main.o
 .data          0x00800114        0x1 ParTest/ParTest.o
 .data          0x00800115        0x0 serial/serial.o
 .data          0x00800115        0xa regtest.o
 .data          0x0080011f        0x5 ../../Source/tasks.o
 .data          0x00800124        0x0 ../../Source/queue.o
 .data          0x00800124        0x0 ../../Source/list.o
 .data          0x00800124        0x0 ../../Source/croutine.o
 .data          0x00800124        0x0 ../../Source/portable/MemMang/heap_1.o
 .data          0x00800124        0x0 ../../Source/portable/GCC/ATMega323/port.o
 .data          0x00800124       0x11 ../Common/Minimal/crflash.o
 .data          0x00800135        0x8 ../Common/Minimal/integer.o
 .data          0x0080013d       0x10 ../Common/Minimal/PollQ.o
 .data          0x0080014d        0xc ../Common/Minimal/comtest.o
 .data          0x00800159        0x0 c:/winavr-20100110/bin/../lib/gcc/avr/4.3.3/avr5\libgcc.a(_mulsi3.o)
 .data          0x00800159        0x0 c:/winavr-20100110/bin/../lib/gcc/avr/4.3.3/avr5\libgcc.a(_udivmodhi4.o)
 .data          0x00800159        0x0 c:/winavr-20100110/bin/../lib/gcc/avr/4.3.3/avr5\libgcc.a(_udivmodsi4.o)
 .data          0x00800159        0x0 c:/winavr-20100110/bin/../lib/gcc/avr/4.3.3/avr5\libgcc.a(_divmodsi4.o)
 .data          0x00800159        0x0 c:/winavr-20100110/bin/../lib/gcc/avr/4.3.3/avr5\libgcc.a(_exit.o)
 .data          0x00800159        0x0 c:/winavr-20100110/bin/../lib/gcc/avr/4.3.3/avr5\libgcc.a(_copy_data.o)
 .data          0x00800159        0x0 c:/winavr-20100110/bin/../lib/gcc/avr/4.3.3/avr5\libgcc.a(_clear_bss.o)
 .data          0x00800159        0x0 c:/winavr-20100110/bin/../lib/gcc/avr/4.3.3/../../../../avr/lib/avr5\libc.a(memcpy.o)
 .data          0x00800159        0x0 c:/winavr-20100110/bin/../lib/gcc/avr/4.3.3/../../../../avr/lib/avr5\libc.a(eerd_block_atmega328p.o)
 .data          0x00800159        0x0 c:/winavr-20100110/bin/../lib/gcc/avr/4.3.3/../../../../avr/lib/avr5\libc.a(eewr_byte_atmega328p.o)
 *(.data*)
 *(.rodata)
 *(.rodata*)
 *(.gnu.linkonce.d*)
                0x0080015a                . = ALIGN (0x2)
 *fill*         0x00800159        0x1 00
                0x0080015a                _edata = .
                0x0080015a                PROVIDE (__data_end, .)

.bss            0x0080015a      0x685
                0x0080015a                PROVIDE (__bss_start, .)
 *(.bss)
 .bss           0x0080015a        0x0 c:/winavr-20100110/bin/../lib/gcc/avr/4.3.3/../../../../avr/lib/avr5/crtm328p.o
 .bss           0x0080015a        0x0 main.o
 .bss           0x0080015a        0x0 ParTest/ParTest.o
 .bss           0x0080015a        0x4 serial/serial.o
 .bss           0x0080015e        0x1 regtest.o
                0x0080015e                xRegTestError
 .bss           0x0080015f       0x5d ../../Source/tasks.o
                0x0080015f                pxCurrentTCB
 .bss           0x008001bc        0x0 ../../Source/queue.o
 .bss           0x008001bc        0x0 ../../Source/list.o
 .bss           0x008001bc       0x3a ../../Source/croutine.o
                0x008001bc                pxCurrentCoRoutine
 .bss           0x008001f6      0x5e0 ../../Source/portable/MemMang/heap_1.o
 .bss           0x008007d6        0x0 ../../Source/portable/GCC/ATMega323/port.o
 .bss           0x008007d6        0x2 ../Common/Minimal/crflash.o
 .bss           0x008007d8        0x1 ../Common/Minimal/integer.o
 .bss           0x008007d9        0x4 ../Common/Minimal/PollQ.o
 .bss           0x008007dd        0x2 ../Common/Minimal/comtest.o
 .bss           0x008007df        0x0 c:/winavr-20100110/bin/../lib/gcc/avr/4.3.3/avr5\libgcc.a(_mulsi3.o)
 .bss           0x008007df        0x0 c:/winavr-20100110/bin/../lib/gcc/avr/4.3.3/avr5\libgcc.a(_udivmodhi4.o)
 .bss           0x008007df        0x0 c:/winavr-20100110/bin/../lib/gcc/avr/4.3.3/avr5\libgcc.a(_udivmodsi4.o)
 .bss           0x008007df        0x0 c:/winavr-20100110/bin/../lib/gcc/avr/4.3.3/avr5\libgcc.a(_divmodsi4.o)
 .bss           0x008007df        0x0 c:/winavr-20100110/bin/../lib/gcc/avr/4.3.3/avr5\libgcc.a(_exit.o)
 .bss           0x008007df        0x0 c:/winavr-20100110/bin/../lib/gcc/avr/4.3.3/avr5\libgcc.a(_copy_data.o)
 .bss           0x008007df        0x0 c:/winavr-20100110/bin/../lib/gcc/avr/4.3.3/avr5\libgcc.a(_clear_bss.o)
 .bss           0x008007df        0x0 c:/winavr-20100110/bin/../lib/gcc/avr/4.3.3/../../../../avr/lib/avr5\libc.a(memcpy.o)
 .bss           0x008007df        0x0 c:/winavr-20100110/bin/../lib/gcc/avr/4.3.3/../../../../avr/lib/avr5\libc.a(eerd_block_atmega328p.o)
 .bss           0x008007df        0x0 c:/winavr-20100110/bin/../lib/gcc/avr/4.3.3/../../../../avr/lib/avr5\libc.a(eewr_byte_atmega328p.o)
 *(.bss*)
 *(COMMON)
                0x008007df                PROVIDE (__bss_end, .)
                0x00002b64                __data_load_start = LOADADDR (.data)
                0x00002bbe                __data_load_end = (__data_load_start + SIZEOF (.data))

.noinit         0x008007df        0x0
                0x008007df                PROVIDE (__noinit_start, .)
 *(.noinit*)
                0x008007df                PROVIDE (__noinit_end, .)
                0x008007df                _end = .
                0x008007df                PROVIDE (__heap_start, .)

.eeprom         0x00810000        0x0
 *(.eeprom*)
                0x00810000                __eeprom_end = .

.fuse
 *(.fuse)
 *(.lfuse)
 *(.hfuse)
 *(.efuse)

.lock
 *(.lock*)

.signature
 *(.signature*)

.stab
 *(.stab)

.stabstr
 *(.stabstr)

.stab.excl
 *(.stab.excl)

.stab.exclstr
 *(.stab.exclstr)

.stab.index
 *(.stab.index)

.stab.indexstr
 *(.stab.indexstr)

.comment
 *(.comment)

.debug
 *(.debug)

.line
 *(.line)

.debug_srcinfo
 *(.debug_srcinfo)

.debug_sfnames
 *(.debug_sfnames)

.debug_aranges  0x00000000      0x1c0
 *(.debug_aranges)
 .debug_aranges
                0x00000000       0x20 main.o
 .debug_aranges
                0x00000020       0x20 ParTest/ParTest.o
 .debug_aranges
                0x00000040       0x20 serial/serial.o
 .debug_aranges
                0x00000060       0x20 regtest.o
 .debug_aranges
                0x00000080       0x20 ../../Source/tasks.o
 .debug_aranges
                0x000000a0       0x20 ../../Source/queue.o
 .debug_aranges
                0x000000c0       0x20 ../../Source/list.o
 .debug_aranges
                0x000000e0       0x20 ../../Source/croutine.o
 .debug_aranges
                0x00000100       0x20 ../../Source/portable/MemMang/heap_1.o
 .debug_aranges
                0x00000120       0x20 ../../Source/portable/GCC/ATMega323/port.o
 .debug_aranges
                0x00000140       0x20 ../Common/Minimal/crflash.o
 .debug_aranges
                0x00000160       0x20 ../Common/Minimal/integer.o
 .debug_aranges
                0x00000180       0x20 ../Common/Minimal/PollQ.o
 .debug_aranges
                0x000001a0       0x20 ../Common/Minimal/comtest.o

.debug_pubnames
                0x00000000      0x947
 *(.debug_pubnames)
 .debug_pubnames
                0x00000000       0x4c main.o
 .debug_pubnames
                0x0000004c       0x52 ParTest/ParTest.o
 .debug_pubnames
                0x0000009e       0x84 serial/serial.o
 .debug_pubnames
                0x00000122       0x5c regtest.o
 .debug_pubnames
                0x0000017e      0x2c1 ../../Source/tasks.o
 .debug_pubnames
                0x0000043f      0x1ce ../../Source/queue.o
 .debug_pubnames
                0x0000060d       0x72 ../../Source/list.o
 .debug_pubnames
                0x0000067f       0x96 ../../Source/croutine.o
 .debug_pubnames
                0x00000715       0x64 ../../Source/portable/MemMang/heap_1.o
 .debug_pubnames
                0x00000779       0x90 ../../Source/portable/GCC/ATMega323/port.o
 .debug_pubnames
                0x00000809       0x50 ../Common/Minimal/crflash.o
 .debug_pubnames
                0x00000859       0x52 ../Common/Minimal/integer.o
 .debug_pubnames
                0x000008ab       0x4f ../Common/Minimal/PollQ.o
 .debug_pubnames
                0x000008fa       0x4d ../Common/Minimal/comtest.o

.debug_info     0x00000000     0x3775
 *(.debug_info)
 .debug_info    0x00000000      0x159 main.o
 .debug_info    0x00000159      0x10f ParTest/ParTest.o
 .debug_info    0x00000268      0x294 serial/serial.o
 .debug_info    0x000004fc      0x10e regtest.o
 .debug_info    0x0000060a     0x1145 ../../Source/tasks.o
 .debug_info    0x0000174f      0xd22 ../../Source/queue.o
 .debug_info    0x00002471      0x2b5 ../../Source/list.o
 .debug_info    0x00002726      0x50e ../../Source/croutine.o
 .debug_info    0x00002c34      0x15b ../../Source/portable/MemMang/heap_1.o
 .debug_info    0x00002d8f      0x1f2 ../../Source/portable/GCC/ATMega323/port.o
 .debug_info    0x00002f81      0x2bc ../Common/Minimal/crflash.o
 .debug_info    0x0000323d      0x17c ../Common/Minimal/integer.o
 .debug_info    0x000033b9      0x1c4 ../Common/Minimal/PollQ.o
 .debug_info    0x0000357d      0x1f8 ../Common/Minimal/comtest.o
 *(.gnu.linkonce.wi.*)

.debug_abbrev   0x00000000      0xfe7
 *(.debug_abbrev)
 .debug_abbrev  0x00000000      0x116 main.o
 .debug_abbrev  0x00000116       0x93 ParTest/ParTest.o
 .debug_abbrev  0x000001a9       0xd2 serial/serial.o
 .debug_abbrev  0x0000027b       0xce regtest.o
 .debug_abbrev  0x00000349      0x28a ../../Source/tasks.o
 .debug_abbrev  0x000005d3      0x1d3 ../../Source/queue.o
 .debug_abbrev  0x000007a6       0xdf ../../Source/list.o
 .debug_abbrev  0x00000885      0x1cd ../../Source/croutine.o
 .debug_abbrev  0x00000a52       0xfa ../../Source/portable/MemMang/heap_1.o
 .debug_abbrev  0x00000b4c      0x118 ../../Source/portable/GCC/ATMega323/port.o
 .debug_abbrev  0x00000c64      0x107 ../Common/Minimal/crflash.o
 .debug_abbrev  0x00000d6b       0xd9 ../Common/Minimal/integer.o
 .debug_abbrev  0x00000e44       0xc0 ../Common/Minimal/PollQ.o
 .debug_abbrev  0x00000f04       0xe3 ../Common/Minimal/comtest.o

.debug_line     0x00000000     0x368e
 *(.debug_line)
 .debug_line    0x00000000      0x134 main.o
 .debug_line    0x00000134      0x11d ParTest/ParTest.o
 .debug_line    0x00000251      0x260 serial/serial.o
 .debug_line    0x000004b1      0x8d6 regtest.o
 .debug_line    0x00000d87      0xca4 ../../Source/tasks.o
 .debug_line    0x00001a2b      0xa88 ../../Source/queue.o
 .debug_line    0x000024b3      0x255 ../../Source/list.o
 .debug_line    0x00002708      0x368 ../../Source/croutine.o
 .debug_line    0x00002a70      0x16c ../../Source/portable/MemMang/heap_1.o
 .debug_line    0x00002bdc      0x34e ../../Source/portable/GCC/ATMega323/port.o
 .debug_line    0x00002f2a      0x1ef ../Common/Minimal/crflash.o
 .debug_line    0x00003119      0x148 ../Common/Minimal/integer.o
 .debug_line    0x00003261      0x216 ../Common/Minimal/PollQ.o
 .debug_line    0x00003477      0x217 ../Common/Minimal/comtest.o

.debug_frame    0x00000000      0x740
 *(.debug_frame)
 .debug_frame   0x00000000       0x50 main.o
 .debug_frame   0x00000050       0x40 ParTest/ParTest.o
 .debug_frame   0x00000090       0x70 serial/serial.o
 .debug_frame   0x00000100       0x50 regtest.o
 .debug_frame   0x00000150      0x1f0 ../../Source/tasks.o
 .debug_frame   0x00000340      0x160 ../../Source/queue.o
 .debug_frame   0x000004a0       0x60 ../../Source/list.o
 .debug_frame   0x00000500       0x50 ../../Source/croutine.o
 .debug_frame   0x00000550       0x50 ../../Source/portable/MemMang/heap_1.o
 .debug_frame   0x000005a0       0x70 ../../Source/portable/GCC/ATMega323/port.o
 .debug_frame   0x00000610       0x50 ../Common/Minimal/crflash.o
 .debug_frame   0x00000660       0x40 ../Common/Minimal/integer.o
 .debug_frame   0x000006a0       0x50 ../Common/Minimal/PollQ.o
 .debug_frame   0x000006f0       0x50 ../Common/Minimal/comtest.o

.debug_str      0x00000000     0x1710
 *(.debug_str)
 .debug_str     0x00000000       0xff main.o
                                0x138 (size before relaxing)
 .debug_str     0x000000ff       0x6e ParTest/ParTest.o
                                0x136 (size before relaxing)
 .debug_str     0x0000016d      0x11d serial/serial.o
                                0x20d (size before relaxing)
 .debug_str     0x0000028a       0x6c regtest.o
                                0x149 (size before relaxing)
 .debug_str     0x000002f6      0x8e9 ../../Source/tasks.o
                                0xa1d (size before relaxing)
 .debug_str     0x00000bdf      0x390 ../../Source/queue.o
                                0x5de (size before relaxing)
 .debug_str     0x00000f6f       0xa8 ../../Source/list.o
                                0x21f (size before relaxing)
 .debug_str     0x00001017      0x25d ../../Source/croutine.o
                                0x43f (size before relaxing)
 .debug_str     0x00001274       0xa2 ../../Source/portable/MemMang/heap_1.o
                                0x179 (size before relaxing)
 .debug_str     0x00001316       0xdd ../../Source/portable/GCC/ATMega323/port.o
                                0x1ff (size before relaxing)
 .debug_str     0x000013f3       0xd7 ../Common/Minimal/crflash.o
                                0x2a5 (size before relaxing)
 .debug_str     0x000014ca       0x95 ../Common/Minimal/integer.o
                                0x1a5 (size before relaxing)
 .debug_str     0x0000155f       0xde ../Common/Minimal/PollQ.o
                                0x1f4 (size before relaxing)
 .debug_str     0x0000163d       0xd3 ../Common/Minimal/comtest.o
                                0x20a (size before relaxing)

.debug_loc      0x00000000     0x21b7
 *(.debug_loc)
 .debug_loc     0x00000000       0xa0 main.o
 .debug_loc     0x000000a0       0xa1 ParTest/ParTest.o
 .debug_loc     0x00000141      0x1a3 serial/serial.o
 .debug_loc     0x000002e4      0xc32 ../../Source/tasks.o
 .debug_loc     0x00000f16      0xb71 ../../Source/queue.o
 .debug_loc     0x00001a87      0x138 ../../Source/list.o
 .debug_loc     0x00001bbf      0x1d0 ../../Source/croutine.o
 .debug_loc     0x00001d8f       0x60 ../../Source/portable/MemMang/heap_1.o
 .debug_loc     0x00001def       0x3b ../../Source/portable/GCC/ATMega323/port.o
 .debug_loc     0x00001e2a      0x162 ../Common/Minimal/crflash.o
 .debug_loc     0x00001f8c       0x36 ../Common/Minimal/integer.o
 .debug_loc     0x00001fc2       0xae ../Common/Minimal/PollQ.o
 .debug_loc     0x00002070      0x147 ../Common/Minimal/comtest.o

.debug_macinfo
 *(.debug_macinfo)
OUTPUT(rtosdemo.elf elf32-avr)
LOAD linker stubs

.debug_ranges   0x00000000       0x30
 .debug_ranges  0x00000000       0x18 ../../Source/tasks.o
 .debug_ranges  0x00000018       0x18 ../../Source/queue.o

Cross Reference Table

Symbol                                            File
TaskPrint                                         main.o
__bad_interrupt                                   c:/winavr-20100110/bin/../lib/gcc/avr/4.3.3/../../../../avr/lib/avr5/crtm328p.o
__bss_end                                         c:/winavr-20100110/bin/../lib/gcc/avr/4.3.3/avr5\libgcc.a(_clear_bss.o)
__bss_start                                       c:/winavr-20100110/bin/../lib/gcc/avr/4.3.3/avr5\libgcc.a(_clear_bss.o)
__data_end                                        c:/winavr-20100110/bin/../lib/gcc/avr/4.3.3/avr5\libgcc.a(_copy_data.o)
__data_load_start                                 c:/winavr-20100110/bin/../lib/gcc/avr/4.3.3/avr5\libgcc.a(_copy_data.o)
__data_start                                      c:/winavr-20100110/bin/../lib/gcc/avr/4.3.3/avr5\libgcc.a(_copy_data.o)
__divmodsi4                                       c:/winavr-20100110/bin/../lib/gcc/avr/4.3.3/avr5\libgcc.a(_divmodsi4.o)
                                                  ../Common/Minimal/integer.o
__do_clear_bss                                    c:/winavr-20100110/bin/../lib/gcc/avr/4.3.3/avr5\libgcc.a(_clear_bss.o)
                                                  ../Common/Minimal/comtest.o
                                                  ../Common/Minimal/PollQ.o
                                                  ../Common/Minimal/integer.o
                                                  ../Common/Minimal/crflash.o
                                                  ../../Source/portable/MemMang/heap_1.o
                                                  ../../Source/croutine.o
                                                  ../../Source/tasks.o
                                                  regtest.o
                                                  serial/serial.o
__do_copy_data                                    c:/winavr-20100110/bin/../lib/gcc/avr/4.3.3/avr5\libgcc.a(_copy_data.o)
                                                  ../Common/Minimal/comtest.o
                                                  ../Common/Minimal/PollQ.o
                                                  ../Common/Minimal/integer.o
                                                  ../Common/Minimal/crflash.o
                                                  ../../Source/tasks.o
                                                  regtest.o
                                                  ParTest/ParTest.o
                                                  main.o
__eerd_block_m328p                                c:/winavr-20100110/bin/../lib/gcc/avr/4.3.3/../../../../avr/lib/avr5\libc.a(eerd_block_atmega328p.o)
                                                  main.o
__eerd_blraw_m328p                                c:/winavr-20100110/bin/../lib/gcc/avr/4.3.3/../../../../avr/lib/avr5\libc.a(eerd_block_atmega328p.o)
__eewr_byte_m328p                                 c:/winavr-20100110/bin/../lib/gcc/avr/4.3.3/../../../../avr/lib/avr5\libc.a(eewr_byte_atmega328p.o)
                                                  main.o
__eewr_r18_m328p                                  c:/winavr-20100110/bin/../lib/gcc/avr/4.3.3/../../../../avr/lib/avr5\libc.a(eewr_byte_atmega328p.o)
__heap_end                                        c:/winavr-20100110/bin/../lib/gcc/avr/4.3.3/../../../../avr/lib/avr5/crtm328p.o
__init                                            c:/winavr-20100110/bin/../lib/gcc/avr/4.3.3/../../../../avr/lib/avr5/crtm328p.o
__mulsi3                                          c:/winavr-20100110/bin/../lib/gcc/avr/4.3.3/avr5\libgcc.a(_mulsi3.o)
                                                  ../Common/Minimal/integer.o
__stack                                           c:/winavr-20100110/bin/../lib/gcc/avr/4.3.3/../../../../avr/lib/avr5/crtm328p.o
__udivmodhi4                                      c:/winavr-20100110/bin/../lib/gcc/avr/4.3.3/avr5\libgcc.a(_udivmodhi4.o)
                                                  ../Common/Minimal/comtest.o
__udivmodsi4                                      c:/winavr-20100110/bin/../lib/gcc/avr/4.3.3/avr5\libgcc.a(_udivmodsi4.o)
                                                  c:/winavr-20100110/bin/../lib/gcc/avr/4.3.3/avr5\libgcc.a(_divmodsi4.o)
                                                  serial/serial.o
__vector_1                                        c:/winavr-20100110/bin/../lib/gcc/avr/4.3.3/../../../../avr/lib/avr5/crtm328p.o
__vector_10                                       c:/winavr-20100110/bin/../lib/gcc/avr/4.3.3/../../../../avr/lib/avr5/crtm328p.o
__vector_11                                       ../../Source/portable/GCC/ATMega323/port.o
                                                  c:/winavr-20100110/bin/../lib/gcc/avr/4.3.3/../../../../avr/lib/avr5/crtm328p.o
__vector_12                                       c:/winavr-20100110/bin/../lib/gcc/avr/4.3.3/../../../../avr/lib/avr5/crtm328p.o
__vector_13                                       c:/winavr-20100110/bin/../lib/gcc/avr/4.3.3/../../../../avr/lib/avr5/crtm328p.o
__vector_14                                       c:/winavr-20100110/bin/../lib/gcc/avr/4.3.3/../../../../avr/lib/avr5/crtm328p.o
__vector_15                                       c:/winavr-20100110/bin/../lib/gcc/avr/4.3.3/../../../../avr/lib/avr5/crtm328p.o
__vector_16                                       c:/winavr-20100110/bin/../lib/gcc/avr/4.3.3/../../../../avr/lib/avr5/crtm328p.o
__vector_17                                       c:/winavr-20100110/bin/../lib/gcc/avr/4.3.3/../../../../avr/lib/avr5/crtm328p.o
__vector_18                                       serial/serial.o
                                                  c:/winavr-20100110/bin/../lib/gcc/avr/4.3.3/../../../../avr/lib/avr5/crtm328p.o
__vector_19                                       serial/serial.o
                                                  c:/winavr-20100110/bin/../lib/gcc/avr/4.3.3/../../../../avr/lib/avr5/crtm328p.o
__vector_2                                        c:/winavr-20100110/bin/../lib/gcc/avr/4.3.3/../../../../avr/lib/avr5/crtm328p.o
__vector_20                                       c:/winavr-20100110/bin/../lib/gcc/avr/4.3.3/../../../../avr/lib/avr5/crtm328p.o
__vector_21                                       c:/winavr-20100110/bin/../lib/gcc/avr/4.3.3/../../../../avr/lib/avr5/crtm328p.o
__vector_22                                       c:/winavr-20100110/bin/../lib/gcc/avr/4.3.3/../../../../avr/lib/avr5/crtm328p.o
__vector_23                                       c:/winavr-20100110/bin/../lib/gcc/avr/4.3.3/../../../../avr/lib/avr5/crtm328p.o
__vector_24                                       c:/winavr-20100110/bin/../lib/gcc/avr/4.3.3/../../../../avr/lib/avr5/crtm328p.o
__vector_25                                       c:/winavr-20100110/bin/../lib/gcc/avr/4.3.3/../../../../avr/lib/avr5/crtm328p.o
__vector_3                                        c:/winavr-20100110/bin/../lib/gcc/avr/4.3.3/../../../../avr/lib/avr5/crtm328p.o
__vector_4                                        c:/winavr-20100110/bin/../lib/gcc/avr/4.3.3/../../../../avr/lib/avr5/crtm328p.o
__vector_5                                        c:/winavr-20100110/bin/../lib/gcc/avr/4.3.3/../../../../avr/lib/avr5/crtm328p.o
__vector_6                                        c:/winavr-20100110/bin/../lib/gcc/avr/4.3.3/../../../../avr/lib/avr5/crtm328p.o
__vector_7                                        c:/winavr-20100110/bin/../lib/gcc/avr/4.3.3/../../../../avr/lib/avr5/crtm328p.o
__vector_8                                        c:/winavr-20100110/bin/../lib/gcc/avr/4.3.3/../../../../avr/lib/avr5/crtm328p.o
__vector_9                                        c:/winavr-20100110/bin/../lib/gcc/avr/4.3.3/../../../../avr/lib/avr5/crtm328p.o
__vector_default                                  c:/winavr-20100110/bin/../lib/gcc/avr/4.3.3/../../../../avr/lib/avr5/crtm328p.o
__vectors                                         c:/winavr-20100110/bin/../lib/gcc/avr/4.3.3/../../../../avr/lib/avr5/crtm328p.o
_exit                                             c:/winavr-20100110/bin/../lib/gcc/avr/4.3.3/avr5\libgcc.a(_exit.o)
exit                                              c:/winavr-20100110/bin/../lib/gcc/avr/4.3.3/avr5\libgcc.a(_exit.o)
                                                  c:/winavr-20100110/bin/../lib/gcc/avr/4.3.3/../../../../avr/lib/avr5/crtm328p.o
main                                              main.o
                                                  c:/winavr-20100110/bin/../lib/gcc/avr/4.3.3/../../../../avr/lib/avr5/crtm328p.o
memcpy                                            c:/winavr-20100110/bin/../lib/gcc/avr/4.3.3/../../../../avr/lib/avr5\libc.a(memcpy.o)
                                                  ../../Source/queue.o
pcTaskGetName                                     ../../Source/tasks.o
print                                             main.o
pvPortMalloc                                      ../../Source/portable/MemMang/heap_1.o
                                                  ../../Source/croutine.o
                                                  ../../Source/queue.o
                                                  ../../Source/tasks.o
pxCurrentCoRoutine                                ../../Source/croutine.o
pxCurrentTCB                                      ../../Source/tasks.o
                                                  ../../Source/portable/GCC/ATMega323/port.o
pxPortInitialiseStack                             ../../Source/portable/GCC/ATMega323/port.o
                                                  ../../Source/tasks.o
ulTaskNotifyTake                                  ../../Source/tasks.o
uxListRemove                                      ../../Source/list.o
                                                  ../../Source/croutine.o
                                                  ../../Source/tasks.o
uxQueueMessagesWaiting                            ../../Source/queue.o
                                                  ../Common/Minimal/PollQ.o
uxQueueMessagesWaitingFromISR                     ../../Source/queue.o
uxQueueSpacesAvailable                            ../../Source/queue.o
uxTaskGetNumberOfTasks                            ../../Source/tasks.o
uxTaskResetEventItemValue                         ../../Source/tasks.o
vAltStartComTestTasks                             ../Common/Minimal/comtest.o
vApplicationIdleHook                              main.o
                                                  ../../Source/tasks.o
vCoRoutineAddToDelayedList                        ../../Source/croutine.o
                                                  ../Common/Minimal/crflash.o
                                                  ../../Source/queue.o
vCoRoutineSchedule                                ../../Source/croutine.o
                                                  main.o
vListInitialise                                   ../../Source/list.o
                                                  ../../Source/croutine.o
                                                  ../../Source/queue.o
                                                  ../../Source/tasks.o
vListInitialiseItem                               ../../Source/list.o
                                                  ../../Source/croutine.o
                                                  ../../Source/tasks.o
vListInsert                                       ../../Source/list.o
                                                  ../../Source/croutine.o
                                                  ../../Source/tasks.o
vListInsertEnd                                    ../../Source/list.o
                                                  ../../Source/croutine.o
                                                  ../../Source/tasks.o
vParTestInitialise                                ParTest/ParTest.o
                                                  main.o
vParTestSetLED                                    ParTest/ParTest.o
                                                  ../Common/Minimal/comtest.o
vParTestToggleLED                                 ParTest/ParTest.o
                                                  ../Common/Minimal/comtest.o
                                                  ../Common/Minimal/crflash.o
vPortEndScheduler                                 ../../Source/portable/GCC/ATMega323/port.o
                                                  ../../Source/tasks.o
vPortFree                                         ../../Source/portable/MemMang/heap_1.o
                                                  ../../Source/queue.o
                                                  ../../Source/tasks.o
vPortInitialiseBlocks                             ../../Source/portable/MemMang/heap_1.o
vPortYield                                        ../../Source/portable/GCC/ATMega323/port.o
                                                  ../../Source/queue.o
                                                  ../../Source/tasks.o
                                                  serial/serial.o
vPortYieldFromTick                                ../../Source/portable/GCC/ATMega323/port.o
vQueueDelete                                      ../../Source/queue.o
vSerialClose                                      serial/serial.o
vStartFlashCoRoutines                             ../Common/Minimal/crflash.o
                                                  main.o
vStartIntegerMathTasks                            ../Common/Minimal/integer.o
vStartPolledQueueTasks                            ../Common/Minimal/PollQ.o
vStartRegTestTasks                                regtest.o
vTaskDelay                                        ../../Source/tasks.o
                                                  ../Common/Minimal/comtest.o
                                                  ../Common/Minimal/PollQ.o
                                                  main.o
vTaskDelayUntil                                   ../../Source/tasks.o
vTaskDelete                                       ../../Source/tasks.o
vTaskEndScheduler                                 ../../Source/tasks.o
vTaskMissedYield                                  ../../Source/tasks.o
                                                  ../../Source/queue.o
vTaskNotifyGiveFromISR                            ../../Source/tasks.o
vTaskPlaceOnEventList                             ../../Source/tasks.o
                                                  ../../Source/queue.o
vTaskPlaceOnUnorderedEventList                    ../../Source/tasks.o
vTaskSetTimeOutState                              ../../Source/tasks.o
                                                  ../../Source/queue.o
vTaskStartScheduler                               ../../Source/tasks.o
                                                  main.o
vTaskSuspendAll                                   ../../Source/tasks.o
                                                  ../../Source/portable/MemMang/heap_1.o
                                                  ../../Source/queue.o
                                                  ParTest/ParTest.o
vTaskSwitchContext                                ../../Source/tasks.o
                                                  ../../Source/portable/GCC/ATMega323/port.o
xAreComTestTasksStillRunning                      ../Common/Minimal/comtest.o
xAreFlashCoRoutinesStillRunning                   ../Common/Minimal/crflash.o
xAreIntegerMathsTaskStillRunning                  ../Common/Minimal/integer.o
xArePollingQueuesStillRunning                     ../Common/Minimal/PollQ.o
xAreRegTestTasksStillRunning                      regtest.o
xCoRoutineCreate                                  ../../Source/croutine.o
                                                  ../Common/Minimal/crflash.o
xCoRoutineRemoveFromEventList                     ../../Source/croutine.o
                                                  ../../Source/queue.o
xPortGetFreeHeapSize                              ../../Source/portable/MemMang/heap_1.o
xPortStartScheduler                               ../../Source/portable/GCC/ATMega323/port.o
                                                  ../../Source/tasks.o
xQueueCRReceive                                   ../../Source/queue.o
                                                  ../Common/Minimal/crflash.o
xQueueCRReceiveFromISR                            ../../Source/queue.o
xQueueCRSend                                      ../../Source/queue.o
                                                  ../Common/Minimal/crflash.o
xQueueCRSendFromISR                               ../../Source/queue.o
xQueueGenericCreate                               ../../Source/queue.o
                                                  ../Common/Minimal/PollQ.o
                                                  ../Common/Minimal/crflash.o
                                                  serial/serial.o
xQueueGenericReceive                              ../../Source/queue.o
                                                  ../Common/Minimal/PollQ.o
                                                  serial/serial.o
xQueueGenericReset                                ../../Source/queue.o
xQueueGenericSend                                 ../../Source/queue.o
                                                  ../Common/Minimal/PollQ.o
                                                  serial/serial.o
xQueueGenericSendFromISR                          ../../Source/queue.o
                                                  serial/serial.o
xQueueGiveFromISR                                 ../../Source/queue.o
xQueueIsQueueEmptyFromISR                         ../../Source/queue.o
xQueueIsQueueFullFromISR                          ../../Source/queue.o
xQueuePeekFromISR                                 ../../Source/queue.o
xQueueReceiveFromISR                              ../../Source/queue.o
                                                  serial/serial.o
xRegTestError                                     regtest.o
xSerialGetChar                                    serial/serial.o
                                                  ../Common/Minimal/comtest.o
xSerialPortInitMinimal                            serial/serial.o
                                                  ../Common/Minimal/comtest.o
                                                  main.o
xSerialPutChar                                    serial/serial.o
                                                  ../Common/Minimal/comtest.o
                                                  main.o
xTaskCheckForTimeOut                              ../../Source/tasks.o
                                                  ../../Source/queue.o
xTaskCreate                                       ../../Source/tasks.o
                                                  ../Common/Minimal/comtest.o
                                                  ../Common/Minimal/PollQ.o
                                                  ../Common/Minimal/integer.o
                                                  regtest.o
                                                  main.o
xTaskGenericNotify                                ../../Source/tasks.o
xTaskGenericNotifyFromISR                         ../../Source/tasks.o
xTaskGetTickCount                                 ../../Source/tasks.o
                                                  ../Common/Minimal/comtest.o
                                                  ../../Source/croutine.o
xTaskGetTickCountFromISR                          ../../Source/tasks.o
xTaskIncrementTick                                ../../Source/tasks.o
                                                  ../../Source/portable/GCC/ATMega323/port.o
xTaskNotifyStateClear                             ../../Source/tasks.o
xTaskNotifyWait                                   ../../Source/tasks.o
xTaskRemoveFromEventList                          ../../Source/tasks.o
                                                  ../../Source/queue.o
xTaskRemoveFromUnorderedEventList                 ../../Source/tasks.o
xTaskResumeAll                                    ../../Source/tasks.o
                                                  ../../Source/portable/MemMang/heap_1.o
                                                  ../../Source/queue.o
                                                  ParTest/ParTest.o
